---
source: src/syntax/grammar.rs
expression: "test_output(\"\")"
---
Root@0..0
